v1 valid: 1
v2 valid: 1
opened: hello world from arena
tamper: rejected
has token: 1
get token: vault-slot-payload-42
has after drop: 0
file: encrypted persistent file on disk
tabula first: 1
tabula service: plan9
tabula account: glenda
tabula pass: shhh
box open: classified actor data
v2 valid after wipe: 0
wipe: safe
salt len: 32
v3 valid: 1
v3 salt len: 32
v4 valid: 1
v4 opened: passphrase payload
