c1_dial 1
c1_write 1
c1_reply echo:first_msg
c1_close 1
c2_dial 1
c2_ping 1
c2_pong pong
c2_data 1
c2_ack ack:round2
c2_close 1
c3_dial 1
c3_write 1
c3_reply echo2:seq_client
c3_close 1
c4_dial 1
c4_write 1
c4_reply conn_echo:conn_test
c4_close 1
clA_dial 1
clB_dial 1
clA_write 1
clB_write 1
clA_reply replyA:msgA
clB_reply replyB:msgB
clA_close 1
clB_close 1
clEof_dial 1
clEof_write 1
clEof_close 1
bad_dial 0
bad_is_open 0
srv_res 0
